Archive member included because of file (symbol)

c:/program files (x86)/atmel/atmel toolchain/avr8 gcc/native/3.4.2.876/avr8-gnu-toolchain/bin/../lib/gcc/avr/4.7.2/avr5\libgcc.a(_divmodhi4.o)
                              pwm.o (__divmodhi4)
c:/program files (x86)/atmel/atmel toolchain/avr8 gcc/native/3.4.2.876/avr8-gnu-toolchain/bin/../lib/gcc/avr/4.7.2/avr5\libgcc.a(_exit.o)
                              c:/program files (x86)/atmel/atmel toolchain/avr8 gcc/native/3.4.2.876/avr8-gnu-toolchain/bin/../lib/gcc/avr/4.7.2/../../../../avr/lib/avr5/crtm32.o (exit)
c:/program files (x86)/atmel/atmel toolchain/avr8 gcc/native/3.4.2.876/avr8-gnu-toolchain/bin/../lib/gcc/avr/4.7.2/avr5\libgcc.a(_copy_data.o)
                              dc_motor.o (__do_copy_data)
c:/program files (x86)/atmel/atmel toolchain/avr8 gcc/native/3.4.2.876/avr8-gnu-toolchain/bin/../lib/gcc/avr/4.7.2/avr5\libgcc.a(_clear_bss.o)
                              main.o (__do_clear_bss)
c:/program files (x86)/atmel/atmel toolchain/avr8 gcc/native/3.4.2.876/avr8-gnu-toolchain/bin/../lib/gcc/avr/4.7.2/avr5\libgcc.a(_udivmodhi4.o)
                              c:/program files (x86)/atmel/atmel toolchain/avr8 gcc/native/3.4.2.876/avr8-gnu-toolchain/bin/../lib/gcc/avr/4.7.2/avr5\libgcc.a(_divmodhi4.o) (__udivmodhi4)

Allocating common symbols
Common symbol       size              file

temp_password_string
                    0x4               spi_app.o
rx_arr              0x14              serial_interrupt.o
rx_flush_arr        0x14              serial_interrupt.o
data_to_send_address
                    0x2               serial_interrupt.o

Discarded input sections

 .bss           0x00000000        0x0 c:/program files (x86)/atmel/atmel toolchain/avr8 gcc/native/3.4.2.876/avr8-gnu-toolchain/bin/../lib/gcc/avr/4.7.2/../../../../avr/lib/avr5/crtm32.o
 .text          0x00000000        0x0 dc_motor.o
 .bss           0x00000000        0x0 dc_motor.o
 .text.open_garage_close
                0x00000000       0x28 dc_motor.o
 .text          0x00000000        0x0 eeprom.o
 .bss           0x00000000        0x0 eeprom.o
 .text.get_private_admin_password
                0x00000000        0x2 eeprom.o
 .text.get_private_user_password
                0x00000000        0x2 eeprom.o
 .text.set_private_admin_password
                0x00000000       0x18 eeprom.o
 .text.set_private_user_password
                0x00000000       0x18 eeprom.o
 .text          0x00000000        0x0 i2c.o
 .bss           0x00000000        0x0 i2c.o
 .text.i2c_ack_read_data
                0x00000000        0xe i2c.o
 .text          0x00000000        0x0 i2c_service.o
 .bss           0x00000000        0x0 i2c_service.o
 .text          0x00000000        0x0 main.o
 .text          0x00000000        0x0 pwm.o
 .bss           0x00000000        0x0 pwm.o
 .text          0x00000000        0x0 serial_interrupt.o
 .text.back_line
                0x00000000       0x12 serial_interrupt.o
 .text          0x00000000        0x0 shell.o
 .text          0x00000000        0x0 spi.o
 .bss           0x00000000        0x0 spi.o
 .text.spi_slave_init
                0x00000000       0x16 spi.o
 .text          0x00000000        0x0 spi_app.o
 .text          0x00000000        0x0 usart.o
 .bss           0x00000000        0x0 usart.o
 .text          0x00000000        0x0 c:/program files (x86)/atmel/atmel toolchain/avr8 gcc/native/3.4.2.876/avr8-gnu-toolchain/bin/../lib/gcc/avr/4.7.2/avr5\libgcc.a(_divmodhi4.o)
 .bss           0x00000000        0x0 c:/program files (x86)/atmel/atmel toolchain/avr8 gcc/native/3.4.2.876/avr8-gnu-toolchain/bin/../lib/gcc/avr/4.7.2/avr5\libgcc.a(_divmodhi4.o)
 .text.libgcc.mul
                0x00000000        0x0 c:/program files (x86)/atmel/atmel toolchain/avr8 gcc/native/3.4.2.876/avr8-gnu-toolchain/bin/../lib/gcc/avr/4.7.2/avr5\libgcc.a(_divmodhi4.o)
 .text.libgcc   0x00000000        0x0 c:/program files (x86)/atmel/atmel toolchain/avr8 gcc/native/3.4.2.876/avr8-gnu-toolchain/bin/../lib/gcc/avr/4.7.2/avr5\libgcc.a(_divmodhi4.o)
 .text.libgcc.prologue
                0x00000000        0x0 c:/program files (x86)/atmel/atmel toolchain/avr8 gcc/native/3.4.2.876/avr8-gnu-toolchain/bin/../lib/gcc/avr/4.7.2/avr5\libgcc.a(_divmodhi4.o)
 .text.libgcc.builtins
                0x00000000        0x0 c:/program files (x86)/atmel/atmel toolchain/avr8 gcc/native/3.4.2.876/avr8-gnu-toolchain/bin/../lib/gcc/avr/4.7.2/avr5\libgcc.a(_divmodhi4.o)
 .text.libgcc.fmul
                0x00000000        0x0 c:/program files (x86)/atmel/atmel toolchain/avr8 gcc/native/3.4.2.876/avr8-gnu-toolchain/bin/../lib/gcc/avr/4.7.2/avr5\libgcc.a(_divmodhi4.o)
 .text          0x00000000        0x0 c:/program files (x86)/atmel/atmel toolchain/avr8 gcc/native/3.4.2.876/avr8-gnu-toolchain/bin/../lib/gcc/avr/4.7.2/avr5\libgcc.a(_exit.o)
 .bss           0x00000000        0x0 c:/program files (x86)/atmel/atmel toolchain/avr8 gcc/native/3.4.2.876/avr8-gnu-toolchain/bin/../lib/gcc/avr/4.7.2/avr5\libgcc.a(_exit.o)
 .text.libgcc.mul
                0x00000000        0x0 c:/program files (x86)/atmel/atmel toolchain/avr8 gcc/native/3.4.2.876/avr8-gnu-toolchain/bin/../lib/gcc/avr/4.7.2/avr5\libgcc.a(_exit.o)
 .text.libgcc.div
                0x00000000        0x0 c:/program files (x86)/atmel/atmel toolchain/avr8 gcc/native/3.4.2.876/avr8-gnu-toolchain/bin/../lib/gcc/avr/4.7.2/avr5\libgcc.a(_exit.o)
 .text.libgcc   0x00000000        0x0 c:/program files (x86)/atmel/atmel toolchain/avr8 gcc/native/3.4.2.876/avr8-gnu-toolchain/bin/../lib/gcc/avr/4.7.2/avr5\libgcc.a(_exit.o)
 .text.libgcc.prologue
                0x00000000        0x0 c:/program files (x86)/atmel/atmel toolchain/avr8 gcc/native/3.4.2.876/avr8-gnu-toolchain/bin/../lib/gcc/avr/4.7.2/avr5\libgcc.a(_exit.o)
 .text.libgcc.builtins
                0x00000000        0x0 c:/program files (x86)/atmel/atmel toolchain/avr8 gcc/native/3.4.2.876/avr8-gnu-toolchain/bin/../lib/gcc/avr/4.7.2/avr5\libgcc.a(_exit.o)
 .text.libgcc.fmul
                0x00000000        0x0 c:/program files (x86)/atmel/atmel toolchain/avr8 gcc/native/3.4.2.876/avr8-gnu-toolchain/bin/../lib/gcc/avr/4.7.2/avr5\libgcc.a(_exit.o)
 .text          0x00000000        0x0 c:/program files (x86)/atmel/atmel toolchain/avr8 gcc/native/3.4.2.876/avr8-gnu-toolchain/bin/../lib/gcc/avr/4.7.2/avr5\libgcc.a(_copy_data.o)
 .bss           0x00000000        0x0 c:/program files (x86)/atmel/atmel toolchain/avr8 gcc/native/3.4.2.876/avr8-gnu-toolchain/bin/../lib/gcc/avr/4.7.2/avr5\libgcc.a(_copy_data.o)
 .text.libgcc.mul
                0x00000000        0x0 c:/program files (x86)/atmel/atmel toolchain/avr8 gcc/native/3.4.2.876/avr8-gnu-toolchain/bin/../lib/gcc/avr/4.7.2/avr5\libgcc.a(_copy_data.o)
 .text.libgcc.div
                0x00000000        0x0 c:/program files (x86)/atmel/atmel toolchain/avr8 gcc/native/3.4.2.876/avr8-gnu-toolchain/bin/../lib/gcc/avr/4.7.2/avr5\libgcc.a(_copy_data.o)
 .text.libgcc   0x00000000        0x0 c:/program files (x86)/atmel/atmel toolchain/avr8 gcc/native/3.4.2.876/avr8-gnu-toolchain/bin/../lib/gcc/avr/4.7.2/avr5\libgcc.a(_copy_data.o)
 .text.libgcc.prologue
                0x00000000        0x0 c:/program files (x86)/atmel/atmel toolchain/avr8 gcc/native/3.4.2.876/avr8-gnu-toolchain/bin/../lib/gcc/avr/4.7.2/avr5\libgcc.a(_copy_data.o)
 .text.libgcc.builtins
                0x00000000        0x0 c:/program files (x86)/atmel/atmel toolchain/avr8 gcc/native/3.4.2.876/avr8-gnu-toolchain/bin/../lib/gcc/avr/4.7.2/avr5\libgcc.a(_copy_data.o)
 .text.libgcc.fmul
                0x00000000        0x0 c:/program files (x86)/atmel/atmel toolchain/avr8 gcc/native/3.4.2.876/avr8-gnu-toolchain/bin/../lib/gcc/avr/4.7.2/avr5\libgcc.a(_copy_data.o)
 .text          0x00000000        0x0 c:/program files (x86)/atmel/atmel toolchain/avr8 gcc/native/3.4.2.876/avr8-gnu-toolchain/bin/../lib/gcc/avr/4.7.2/avr5\libgcc.a(_clear_bss.o)
 .bss           0x00000000        0x0 c:/program files (x86)/atmel/atmel toolchain/avr8 gcc/native/3.4.2.876/avr8-gnu-toolchain/bin/../lib/gcc/avr/4.7.2/avr5\libgcc.a(_clear_bss.o)
 .text.libgcc.mul
                0x00000000        0x0 c:/program files (x86)/atmel/atmel toolchain/avr8 gcc/native/3.4.2.876/avr8-gnu-toolchain/bin/../lib/gcc/avr/4.7.2/avr5\libgcc.a(_clear_bss.o)
 .text.libgcc.div
                0x00000000        0x0 c:/program files (x86)/atmel/atmel toolchain/avr8 gcc/native/3.4.2.876/avr8-gnu-toolchain/bin/../lib/gcc/avr/4.7.2/avr5\libgcc.a(_clear_bss.o)
 .text.libgcc   0x00000000        0x0 c:/program files (x86)/atmel/atmel toolchain/avr8 gcc/native/3.4.2.876/avr8-gnu-toolchain/bin/../lib/gcc/avr/4.7.2/avr5\libgcc.a(_clear_bss.o)
 .text.libgcc.prologue
                0x00000000        0x0 c:/program files (x86)/atmel/atmel toolchain/avr8 gcc/native/3.4.2.876/avr8-gnu-toolchain/bin/../lib/gcc/avr/4.7.2/avr5\libgcc.a(_clear_bss.o)
 .text.libgcc.builtins
                0x00000000        0x0 c:/program files (x86)/atmel/atmel toolchain/avr8 gcc/native/3.4.2.876/avr8-gnu-toolchain/bin/../lib/gcc/avr/4.7.2/avr5\libgcc.a(_clear_bss.o)
 .text.libgcc.fmul
                0x00000000        0x0 c:/program files (x86)/atmel/atmel toolchain/avr8 gcc/native/3.4.2.876/avr8-gnu-toolchain/bin/../lib/gcc/avr/4.7.2/avr5\libgcc.a(_clear_bss.o)
 .text          0x00000000        0x0 c:/program files (x86)/atmel/atmel toolchain/avr8 gcc/native/3.4.2.876/avr8-gnu-toolchain/bin/../lib/gcc/avr/4.7.2/avr5\libgcc.a(_udivmodhi4.o)
 .bss           0x00000000        0x0 c:/program files (x86)/atmel/atmel toolchain/avr8 gcc/native/3.4.2.876/avr8-gnu-toolchain/bin/../lib/gcc/avr/4.7.2/avr5\libgcc.a(_udivmodhi4.o)
 .text.libgcc.mul
                0x00000000        0x0 c:/program files (x86)/atmel/atmel toolchain/avr8 gcc/native/3.4.2.876/avr8-gnu-toolchain/bin/../lib/gcc/avr/4.7.2/avr5\libgcc.a(_udivmodhi4.o)
 .text.libgcc   0x00000000        0x0 c:/program files (x86)/atmel/atmel toolchain/avr8 gcc/native/3.4.2.876/avr8-gnu-toolchain/bin/../lib/gcc/avr/4.7.2/avr5\libgcc.a(_udivmodhi4.o)
 .text.libgcc.prologue
                0x00000000        0x0 c:/program files (x86)/atmel/atmel toolchain/avr8 gcc/native/3.4.2.876/avr8-gnu-toolchain/bin/../lib/gcc/avr/4.7.2/avr5\libgcc.a(_udivmodhi4.o)
 .text.libgcc.builtins
                0x00000000        0x0 c:/program files (x86)/atmel/atmel toolchain/avr8 gcc/native/3.4.2.876/avr8-gnu-toolchain/bin/../lib/gcc/avr/4.7.2/avr5\libgcc.a(_udivmodhi4.o)
 .text.libgcc.fmul
                0x00000000        0x0 c:/program files (x86)/atmel/atmel toolchain/avr8 gcc/native/3.4.2.876/avr8-gnu-toolchain/bin/../lib/gcc/avr/4.7.2/avr5\libgcc.a(_udivmodhi4.o)

Memory Configuration

Name             Origin             Length             Attributes
text             0x00000000         0x00020000         xr
data             0x00800060         0x0000ffa0         rw !x
eeprom           0x00810000         0x00010000         rw !x
fuse             0x00820000         0x00000400         rw !x
lock             0x00830000         0x00000400         rw !x
signature        0x00840000         0x00000400         rw !x
user_signatures  0x00850000         0x00000400         rw !x
*default*        0x00000000         0xffffffff

Linker script and memory map

LOAD c:/program files (x86)/atmel/atmel toolchain/avr8 gcc/native/3.4.2.876/avr8-gnu-toolchain/bin/../lib/gcc/avr/4.7.2/../../../../avr/lib/avr5/crtm32.o
LOAD dc_motor.o
LOAD eeprom.o
LOAD i2c.o
LOAD i2c_service.o
LOAD main.o
LOAD pwm.o
LOAD serial_interrupt.o
LOAD shell.o
LOAD spi.o
LOAD spi_app.o
LOAD usart.o
START GROUP
LOAD c:/program files (x86)/atmel/atmel toolchain/avr8 gcc/native/3.4.2.876/avr8-gnu-toolchain/bin/../lib/gcc/avr/4.7.2/../../../../avr/lib/avr5\libm.a
END GROUP
LOAD c:/program files (x86)/atmel/atmel toolchain/avr8 gcc/native/3.4.2.876/avr8-gnu-toolchain/bin/../lib/gcc/avr/4.7.2/avr5\libgcc.a
LOAD c:/program files (x86)/atmel/atmel toolchain/avr8 gcc/native/3.4.2.876/avr8-gnu-toolchain/bin/../lib/gcc/avr/4.7.2/../../../../avr/lib/avr5\libc.a
LOAD c:/program files (x86)/atmel/atmel toolchain/avr8 gcc/native/3.4.2.876/avr8-gnu-toolchain/bin/../lib/gcc/avr/4.7.2/avr5\libgcc.a

.hash
 *(.hash)

.dynsym
 *(.dynsym)

.dynstr
 *(.dynstr)

.gnu.version
 *(.gnu.version)

.gnu.version_d
 *(.gnu.version_d)

.gnu.version_r
 *(.gnu.version_r)

.rel.init
 *(.rel.init)

.rela.init
 *(.rela.init)

.rel.text
 *(.rel.text)
 *(.rel.text.*)
 *(.rel.gnu.linkonce.t*)

.rela.text
 *(.rela.text)
 *(.rela.text.*)
 *(.rela.gnu.linkonce.t*)

.rel.fini
 *(.rel.fini)

.rela.fini
 *(.rela.fini)

.rel.rodata
 *(.rel.rodata)
 *(.rel.rodata.*)
 *(.rel.gnu.linkonce.r*)

.rela.rodata
 *(.rela.rodata)
 *(.rela.rodata.*)
 *(.rela.gnu.linkonce.r*)

.rel.data
 *(.rel.data)
 *(.rel.data.*)
 *(.rel.gnu.linkonce.d*)

.rela.data
 *(.rela.data)
 *(.rela.data.*)
 *(.rela.gnu.linkonce.d*)

.rel.ctors
 *(.rel.ctors)

.rela.ctors
 *(.rela.ctors)

.rel.dtors
 *(.rel.dtors)

.rela.dtors
 *(.rela.dtors)

.rel.got
 *(.rel.got)

.rela.got
 *(.rela.got)

.rel.bss
 *(.rel.bss)

.rela.bss
 *(.rela.bss)

.rel.plt
 *(.rel.plt)

.rela.plt
 *(.rela.plt)

.text           0x00000000      0xb56
 *(.vectors)
 .vectors       0x00000000       0x54 c:/program files (x86)/atmel/atmel toolchain/avr8 gcc/native/3.4.2.876/avr8-gnu-toolchain/bin/../lib/gcc/avr/4.7.2/../../../../avr/lib/avr5/crtm32.o
                0x00000000                __vector_default
                0x00000000                __vectors
 *(.vectors)
 *(.progmem.gcc*)
 *(.progmem*)
                0x00000054                . = ALIGN (0x2)
                0x00000054                __trampolines_start = .
 *(.trampolines)
 .trampolines   0x00000054        0x0 linker stubs
 *(.trampolines*)
                0x00000054                __trampolines_end = .
 *(.jumptables)
 *(.jumptables*)
 *(.lowtext)
 *(.lowtext*)
                0x00000054                __ctors_start = .
 *(.ctors)
                0x00000054                __ctors_end = .
                0x00000054                __dtors_start = .
 *(.dtors)
                0x00000054                __dtors_end = .
 SORT(*)(.ctors)
 SORT(*)(.dtors)
 *(.init0)
 .init0         0x00000054        0x0 c:/program files (x86)/atmel/atmel toolchain/avr8 gcc/native/3.4.2.876/avr8-gnu-toolchain/bin/../lib/gcc/avr/4.7.2/../../../../avr/lib/avr5/crtm32.o
                0x00000054                __init
 *(.init0)
 *(.init1)
 *(.init1)
 *(.init2)
 .init2         0x00000054        0xc c:/program files (x86)/atmel/atmel toolchain/avr8 gcc/native/3.4.2.876/avr8-gnu-toolchain/bin/../lib/gcc/avr/4.7.2/../../../../avr/lib/avr5/crtm32.o
 *(.init2)
 *(.init3)
 *(.init3)
 *(.init4)
 .init4         0x00000060       0x16 c:/program files (x86)/atmel/atmel toolchain/avr8 gcc/native/3.4.2.876/avr8-gnu-toolchain/bin/../lib/gcc/avr/4.7.2/avr5\libgcc.a(_copy_data.o)
                0x00000060                __do_copy_data
 .init4         0x00000076       0x10 c:/program files (x86)/atmel/atmel toolchain/avr8 gcc/native/3.4.2.876/avr8-gnu-toolchain/bin/../lib/gcc/avr/4.7.2/avr5\libgcc.a(_clear_bss.o)
                0x00000076                __do_clear_bss
 *(.init4)
 *(.init5)
 *(.init5)
 *(.init6)
 *(.init6)
 *(.init7)
 *(.init7)
 *(.init8)
 *(.init8)
 *(.init9)
 .init9         0x00000086        0x8 c:/program files (x86)/atmel/atmel toolchain/avr8 gcc/native/3.4.2.876/avr8-gnu-toolchain/bin/../lib/gcc/avr/4.7.2/../../../../avr/lib/avr5/crtm32.o
 *(.init9)
 *(.text)
 .text          0x0000008e        0x4 c:/program files (x86)/atmel/atmel toolchain/avr8 gcc/native/3.4.2.876/avr8-gnu-toolchain/bin/../lib/gcc/avr/4.7.2/../../../../avr/lib/avr5/crtm32.o
                0x0000008e                __vector_1
                0x0000008e                __vector_12
                0x0000008e                __bad_interrupt
                0x0000008e                __vector_6
                0x0000008e                __vector_3
                0x0000008e                __vector_11
                0x0000008e                __vector_17
                0x0000008e                __vector_19
                0x0000008e                __vector_7
                0x0000008e                __vector_5
                0x0000008e                __vector_4
                0x0000008e                __vector_9
                0x0000008e                __vector_2
                0x0000008e                __vector_15
                0x0000008e                __vector_8
                0x0000008e                __vector_10
                0x0000008e                __vector_16
                0x0000008e                __vector_18
                0x0000008e                __vector_20
                0x00000092                . = ALIGN (0x2)
 *(.text.*)
 .text.dc_motor_rotate_seconds
                0x00000092       0x4c dc_motor.o
 .text.dc_motor_init
                0x000000de       0x12 dc_motor.o
                0x000000de                dc_motor_init
 .text.open_garage
                0x000000f0       0x10 dc_motor.o
                0x000000f0                open_garage
 .text.close_garage
                0x00000100       0x12 dc_motor.o
                0x00000100                close_garage
 .text.set_admin_password
                0x00000112       0x36 eeprom.o
                0x00000112                set_admin_password
 .text.set_user_password
                0x00000148       0x36 eeprom.o
                0x00000148                set_user_password
 .text.load_recent_password
                0x0000017e       0xbc eeprom.o
                0x0000017e                load_recent_password
 .text.i2c_init
                0x0000023a        0xe i2c.o
                0x0000023a                i2c_init
 .text.i2c_start_condition
                0x00000248       0x18 i2c.o
                0x00000248                i2c_start_condition
 .text.i2c_send_address
                0x00000260       0x28 i2c.o
                0x00000260                i2c_send_address
 .text.i2c_send_data
                0x00000288       0x1a i2c.o
                0x00000288                i2c_send_data
 .text.i2c_stop_condition
                0x000002a2        0x6 i2c.o
                0x000002a2                i2c_stop_condition
 .text.i2c_restart_condition
                0x000002a8       0x18 i2c.o
                0x000002a8                i2c_restart_condition
 .text.i2c_nack_read_data
                0x000002c0        0xe i2c.o
                0x000002c0                i2c_nack_read_data
 .text.write_data_to_device
                0x000002ce       0x52 i2c_service.o
                0x000002ce                write_data_to_device
 .text.read_data_from_device
                0x00000320       0x6a i2c_service.o
                0x00000320                read_data_from_device
 .text.i2c_service_init
                0x0000038a        0x6 i2c_service.o
                0x0000038a                i2c_service_init
 .text.init_mcu
                0x00000390       0x12 main.o
                0x00000390                init_mcu
 .text.logged_out_mcu_func
                0x000003a2       0x58 main.o
                0x000003a2                logged_out_mcu_func
 .text.menu_mcu_func
                0x000003fa       0x64 main.o
                0x000003fa                menu_mcu_func
 .text.mcu_state
                0x0000045e       0x34 main.o
                0x0000045e                mcu_state
 .text.main     0x00000492        0x8 main.o
                0x00000492                main
 .text.pwm_init
                0x0000049a       0x24 pwm.o
                0x0000049a                pwm_init
 .text.pwm_duty
                0x000004be       0x14 pwm.o
                0x000004be                pwm_duty
 .text.__vector_14
                0x000004d2       0x86 serial_interrupt.o
                0x000004d2                __vector_14
 .text.__vector_13
                0x00000558       0x86 serial_interrupt.o
                0x00000558                __vector_13
 .text.serial_interrupt_init
                0x000005de        0x6 serial_interrupt.o
                0x000005de                serial_interrupt_init
 .text.flush_buffer
                0x000005e4       0x18 serial_interrupt.o
                0x000005e4                flush_buffer
 .text.new_line
                0x000005fc       0x12 serial_interrupt.o
                0x000005fc                new_line
 .text.shell_print_with_new_line
                0x0000060e       0x4c shell.o
 .text.menu_func_5
                0x0000065a        0xa shell.o
 .text.menu_func_2
                0x00000664       0x20 shell.o
 .text.menu_func_4
                0x00000684       0x56 shell.o
 .text.menu_func_3
                0x000006da       0x20 shell.o
 .text.menu_func_1
                0x000006fa       0x58 shell.o
 .text.menu_func_0
                0x00000752       0x58 shell.o
 .text.shell_init
                0x000007aa       0x12 shell.o
                0x000007aa                shell_init
 .text.admin_shell_password_enter
                0x000007bc        0xc shell.o
                0x000007bc                admin_shell_password_enter
 .text.admin_shell_password_check
                0x000007c8       0x92 shell.o
                0x000007c8                admin_shell_password_check
 .text.menu     0x0000085a       0x56 shell.o
                0x0000085a                menu
 .text.menu_selected_check
                0x000008b0       0x5e shell.o
                0x000008b0                menu_selected_check
 .text.spi_master_init
                0x0000090e       0x1c spi.o
                0x0000090e                spi_master_init
 .text.spi_send
                0x0000092a        0x8 spi.o
                0x0000092a                spi_send
 .text.spi_read
                0x00000932        0x8 spi.o
                0x00000932                spi_read
 .text.spi_start
                0x0000093a        0x4 spi.o
                0x0000093a                spi_start
 .text.spi_end  0x0000093e        0x4 spi.o
                0x0000093e                spi_end
 .text.spi_send_recieve
                0x00000942       0x1e spi.o
                0x00000942                spi_send_recieve
 .text.master_spi_state
                0x00000960      0x17c spi_app.o
                0x00000960                master_spi_state
 .text.serial_init
                0x00000adc       0x16 usart.o
                0x00000adc                serial_init
 .text.disable_rx_interrupt
                0x00000af2        0x4 usart.o
                0x00000af2                disable_rx_interrupt
 .text.disable_tx_interrupt
                0x00000af6        0x4 usart.o
                0x00000af6                disable_tx_interrupt
 .text.enable_rx_interrupt
                0x00000afa        0x4 usart.o
                0x00000afa                enable_rx_interrupt
 .text.enable_tx_interrupt
                0x00000afe        0x4 usart.o
                0x00000afe                enable_tx_interrupt
 .text.libgcc.div
                0x00000b02       0x28 c:/program files (x86)/atmel/atmel toolchain/avr8 gcc/native/3.4.2.876/avr8-gnu-toolchain/bin/../lib/gcc/avr/4.7.2/avr5\libgcc.a(_divmodhi4.o)
                0x00000b02                _div
                0x00000b02                __divmodhi4
 .text.libgcc.div
                0x00000b2a       0x28 c:/program files (x86)/atmel/atmel toolchain/avr8 gcc/native/3.4.2.876/avr8-gnu-toolchain/bin/../lib/gcc/avr/4.7.2/avr5\libgcc.a(_udivmodhi4.o)
                0x00000b2a                __udivmodhi4
                0x00000b52                . = ALIGN (0x2)
 *(.fini9)
 .fini9         0x00000b52        0x0 c:/program files (x86)/atmel/atmel toolchain/avr8 gcc/native/3.4.2.876/avr8-gnu-toolchain/bin/../lib/gcc/avr/4.7.2/avr5\libgcc.a(_exit.o)
                0x00000b52                _exit
                0x00000b52                exit
 *(.fini9)
 *(.fini8)
 *(.fini8)
 *(.fini7)
 *(.fini7)
 *(.fini6)
 *(.fini6)
 *(.fini5)
 *(.fini5)
 *(.fini4)
 *(.fini4)
 *(.fini3)
 *(.fini3)
 *(.fini2)
 *(.fini2)
 *(.fini1)
 *(.fini1)
 *(.fini0)
 .fini0         0x00000b52        0x4 c:/program files (x86)/atmel/atmel toolchain/avr8 gcc/native/3.4.2.876/avr8-gnu-toolchain/bin/../lib/gcc/avr/4.7.2/avr5\libgcc.a(_exit.o)
 *(.fini0)
                0x00000b56                _etext = .

.data           0x00800060      0x26a load address 0x00000b56
                0x00800060                PROVIDE (__data_start, .)
 *(.data)
 .data          0x00800060        0x0 c:/program files (x86)/atmel/atmel toolchain/avr8 gcc/native/3.4.2.876/avr8-gnu-toolchain/bin/../lib/gcc/avr/4.7.2/../../../../avr/lib/avr5/crtm32.o
 .data          0x00800060        0x1 dc_motor.o
                0x00800060                e_garage_state
 .data          0x00800061        0x8 eeprom.o
                0x00800061                user_password
                0x00800065                admin_password
 .data          0x00800069        0x0 i2c.o
 .data          0x00800069        0x0 i2c_service.o
 .data          0x00800069        0x0 main.o
 .data          0x00800069        0x0 pwm.o
 .data          0x00800069        0xc serial_interrupt.o
                0x00800069                rx_buffer
                0x0080006d                backspace_key_stroke
                0x00800071                enter_key_stroke
 .data          0x00800075       0x58 shell.o
                0x00800075                close_garage_error
                0x00800079                open_garage_error
                0x0080007d                unlock_data_error
                0x00800081                unlock_data
                0x00800085                log_out_data
                0x00800089                close_garage_string
                0x0080008d                open_garage_string
                0x00800091                new_user_pass
                0x00800095                new_admin_pass
                0x00800099                prompt_data
                0x0080009d                menu_data
                0x008000b5                unsuccess_data
                0x008000b9                success_data
                0x008000bd                init_data
                0x008000c1                ptrfunc
 .data          0x008000cd        0x0 spi.o
 .data          0x008000cd        0x0 spi_app.o
 .data          0x008000cd        0x0 usart.o
 .data          0x008000cd        0x0 c:/program files (x86)/atmel/atmel toolchain/avr8 gcc/native/3.4.2.876/avr8-gnu-toolchain/bin/../lib/gcc/avr/4.7.2/avr5\libgcc.a(_divmodhi4.o)
 .data          0x008000cd        0x0 c:/program files (x86)/atmel/atmel toolchain/avr8 gcc/native/3.4.2.876/avr8-gnu-toolchain/bin/../lib/gcc/avr/4.7.2/avr5\libgcc.a(_exit.o)
 .data          0x008000cd        0x0 c:/program files (x86)/atmel/atmel toolchain/avr8 gcc/native/3.4.2.876/avr8-gnu-toolchain/bin/../lib/gcc/avr/4.7.2/avr5\libgcc.a(_copy_data.o)
 .data          0x008000cd        0x0 c:/program files (x86)/atmel/atmel toolchain/avr8 gcc/native/3.4.2.876/avr8-gnu-toolchain/bin/../lib/gcc/avr/4.7.2/avr5\libgcc.a(_clear_bss.o)
 .data          0x008000cd        0x0 c:/program files (x86)/atmel/atmel toolchain/avr8 gcc/native/3.4.2.876/avr8-gnu-toolchain/bin/../lib/gcc/avr/4.7.2/avr5\libgcc.a(_udivmodhi4.o)
 *(.data*)
 *(.rodata)
 *(.rodata*)
 .rodata.str1.1
                0x008000cd      0x1fc shell.o
                                0x217 (size before relaxing)
 *(.gnu.linkonce.d*)
                0x008002ca                . = ALIGN (0x2)
 *fill*         0x008002c9        0x1 
                0x008002ca                _edata = .
                0x008002ca                PROVIDE (__data_end, .)

.bss            0x008002ca       0x33
                0x008002ca                PROVIDE (__bss_start, .)
 *(.bss)
 .bss           0x008002ca        0x1 main.o
                0x008002ca                master_mcu_state
 .bss           0x008002cb        0x1 serial_interrupt.o
                0x008002cb                rx_interrupt_status
 .bss           0x008002cc        0x1 shell.o
                0x008002cc                spi_unlock_flag
 .bss           0x008002cd        0x2 spi_app.o
                0x008002cd                spi_master_state
                0x008002ce                temp_password_index
 *(.bss*)
 *(COMMON)
 COMMON         0x008002cf       0x2a serial_interrupt.o
                0x008002cf                rx_arr
                0x008002e3                rx_flush_arr
                0x008002f7                data_to_send_address
 COMMON         0x008002f9        0x4 spi_app.o
                0x008002f9                temp_password_string
                0x008002fd                PROVIDE (__bss_end, .)
                0x00000b56                __data_load_start = LOADADDR (.data)
                0x00000dc0                __data_load_end = (__data_load_start + SIZEOF (.data))

.noinit         0x008002fd        0x0
                0x008002fd                PROVIDE (__noinit_start, .)
 *(.noinit*)
                0x008002fd                PROVIDE (__noinit_end, .)
                0x008002fd                _end = .
                0x008002fd                PROVIDE (__heap_start, .)

.eeprom         0x00810000        0x0
 *(.eeprom*)
                0x00810000                __eeprom_end = .

.fuse
 *(.fuse)
 *(.lfuse)
 *(.hfuse)
 *(.efuse)

.lock
 *(.lock*)

.signature
 *(.signature*)

.user_signatures
 *(.user_signatures*)

.stab           0x00000000      0x6cc
 *(.stab)
 .stab          0x00000000      0x6cc c:/program files (x86)/atmel/atmel toolchain/avr8 gcc/native/3.4.2.876/avr8-gnu-toolchain/bin/../lib/gcc/avr/4.7.2/../../../../avr/lib/avr5/crtm32.o

.stabstr        0x00000000       0x82
 *(.stabstr)
 .stabstr       0x00000000       0x82 c:/program files (x86)/atmel/atmel toolchain/avr8 gcc/native/3.4.2.876/avr8-gnu-toolchain/bin/../lib/gcc/avr/4.7.2/../../../../avr/lib/avr5/crtm32.o

.stab.excl
 *(.stab.excl)

.stab.exclstr
 *(.stab.exclstr)

.stab.index
 *(.stab.index)

.stab.indexstr
 *(.stab.indexstr)

.comment        0x00000000       0x2f
 *(.comment)
 .comment       0x00000000       0x2f dc_motor.o
                                 0x30 (size before relaxing)
 .comment       0x00000000       0x30 eeprom.o
 .comment       0x00000000       0x30 i2c.o
 .comment       0x00000000       0x30 i2c_service.o
 .comment       0x00000000       0x30 main.o
 .comment       0x00000000       0x30 pwm.o
 .comment       0x00000000       0x30 serial_interrupt.o
 .comment       0x00000000       0x30 shell.o
 .comment       0x00000000       0x30 spi.o
 .comment       0x00000000       0x30 spi_app.o
 .comment       0x00000000       0x30 usart.o

.debug
 *(.debug)

.line
 *(.line)

.debug_srcinfo
 *(.debug_srcinfo)

.debug_sfnames
 *(.debug_sfnames)

.debug_aranges  0x00000000      0x2f0
 *(.debug_aranges)
 .debug_aranges
                0x00000000       0x40 dc_motor.o
 .debug_aranges
                0x00000040       0x50 eeprom.o
 .debug_aranges
                0x00000090       0x58 i2c.o
 .debug_aranges
                0x000000e8       0x30 i2c_service.o
 .debug_aranges
                0x00000118       0x40 main.o
 .debug_aranges
                0x00000158       0x28 pwm.o
 .debug_aranges
                0x00000180       0x48 serial_interrupt.o
 .debug_aranges
                0x000001c8       0x78 shell.o
 .debug_aranges
                0x00000240       0x50 spi.o
 .debug_aranges
                0x00000290       0x20 spi_app.o
 .debug_aranges
                0x000002b0       0x40 usart.o

.debug_pubnames
 *(.debug_pubnames)

.debug_info     0x00000000     0x263a
 *(.debug_info)
 .debug_info    0x00000000      0x36f dc_motor.o
 .debug_info    0x0000036f      0x5be eeprom.o
 .debug_info    0x0000092d      0x17c i2c.o
 .debug_info    0x00000aa9      0x29d i2c_service.o
 .debug_info    0x00000d46      0x486 main.o
 .debug_info    0x000011cc       0xc0 pwm.o
 .debug_info    0x0000128c      0x2b0 serial_interrupt.o
 .debug_info    0x0000153c      0x9c5 shell.o
 .debug_info    0x00001f01      0x185 spi.o
 .debug_info    0x00002086      0x4d0 spi_app.o
 .debug_info    0x00002556       0xe4 usart.o
 *(.gnu.linkonce.wi.*)

.debug_abbrev   0x00000000      0xeac
 *(.debug_abbrev)
 .debug_abbrev  0x00000000      0x1be dc_motor.o
 .debug_abbrev  0x000001be      0x1f6 eeprom.o
 .debug_abbrev  0x000003b4       0xc6 i2c.o
 .debug_abbrev  0x0000047a      0x10e i2c_service.o
 .debug_abbrev  0x00000588      0x1c7 main.o
 .debug_abbrev  0x0000074f       0x83 pwm.o
 .debug_abbrev  0x000007d2      0x136 serial_interrupt.o
 .debug_abbrev  0x00000908      0x2a5 shell.o
 .debug_abbrev  0x00000bad      0x113 spi.o
 .debug_abbrev  0x00000cc0      0x19d spi_app.o
 .debug_abbrev  0x00000e5d       0x4f usart.o

.debug_line     0x00000000     0x134a
 *(.debug_line)
 .debug_line    0x00000000      0x1fd dc_motor.o
 .debug_line    0x000001fd      0x26e eeprom.o
 .debug_line    0x0000046b      0x181 i2c.o
 .debug_line    0x000005ec       0x96 i2c_service.o
 .debug_line    0x00000682      0x27a main.o
 .debug_line    0x000008fc       0xee pwm.o
 .debug_line    0x000009ea      0x16e serial_interrupt.o
 .debug_line    0x00000b58      0x356 shell.o
 .debug_line    0x00000eae      0x162 spi.o
 .debug_line    0x00001010      0x21e spi_app.o
 .debug_line    0x0000122e      0x11c usart.o

.debug_frame    0x00000000      0x5f4
 *(.debug_frame)
 .debug_frame   0x00000000       0x74 dc_motor.o
 .debug_frame   0x00000074       0xc4 eeprom.o
 .debug_frame   0x00000138       0x94 i2c.o
 .debug_frame   0x000001cc       0x68 i2c_service.o
 .debug_frame   0x00000234       0x6c main.o
 .debug_frame   0x000002a0       0x34 pwm.o
 .debug_frame   0x000002d4      0x104 serial_interrupt.o
 .debug_frame   0x000003d8      0x100 shell.o
 .debug_frame   0x000004d8       0x8c spi.o
 .debug_frame   0x00000564       0x2c spi_app.o
 .debug_frame   0x00000590       0x64 usart.o

.debug_str      0x00000000      0xa50
 *(.debug_str)
 .debug_str     0x00000000      0x205 dc_motor.o
                                0x254 (size before relaxing)
 .debug_str     0x00000205      0x15b eeprom.o
                                0x2e7 (size before relaxing)
 .debug_str     0x00000360       0x95 i2c.o
                                0x1ad (size before relaxing)
 .debug_str     0x000003f5       0x34 i2c_service.o
                                0x1f0 (size before relaxing)
 .debug_str     0x00000429      0x1d1 main.o
                                0x37c (size before relaxing)
 .debug_str     0x000005fa        0xb pwm.o
                                0x12d (size before relaxing)
 .debug_str     0x00000605      0x101 serial_interrupt.o
                                0x271 (size before relaxing)
 .debug_str     0x00000706      0x2b8 shell.o
                                0x607 (size before relaxing)
 .debug_str     0x000009be       0x3e spi.o
                                0x174 (size before relaxing)
 .debug_str     0x000009fc       0x47 spi_app.o
                                0x35f (size before relaxing)
 .debug_str     0x00000a43        0xd usart.o
                                0x176 (size before relaxing)

.debug_loc      0x00000000      0xde3
 *(.debug_loc)
 .debug_loc     0x00000000      0x141 dc_motor.o
 .debug_loc     0x00000141      0x2c7 eeprom.o
 .debug_loc     0x00000408       0x40 i2c.o
 .debug_loc     0x00000448      0x26d i2c_service.o
 .debug_loc     0x000006b5       0xa7 main.o
 .debug_loc     0x0000075c       0x21 pwm.o
 .debug_loc     0x0000077d      0x1a9 serial_interrupt.o
 .debug_loc     0x00000926      0x1a2 shell.o
 .debug_loc     0x00000ac8       0x77 spi.o
 .debug_loc     0x00000b3f      0x2a4 spi_app.o

.debug_macinfo
 *(.debug_macinfo)

.debug_pubtypes
 *(.debug_pubtypes)

.debug_ranges   0x00000000      0x240
 *(.debug_ranges)
 .debug_ranges  0x00000000       0x30 dc_motor.o
 .debug_ranges  0x00000030       0x40 eeprom.o
 .debug_ranges  0x00000070       0x48 i2c.o
 .debug_ranges  0x000000b8       0x20 i2c_service.o
 .debug_ranges  0x000000d8       0x30 main.o
 .debug_ranges  0x00000108       0x18 pwm.o
 .debug_ranges  0x00000120       0x38 serial_interrupt.o
 .debug_ranges  0x00000158       0x68 shell.o
 .debug_ranges  0x000001c0       0x40 spi.o
 .debug_ranges  0x00000200       0x10 spi_app.o
 .debug_ranges  0x00000210       0x30 usart.o

.debug_macro
 *(.debug_macro)
OUTPUT(garage_master_mcu.elf elf32-avr)
LOAD linker stubs
